
> athanor-alquimia-interior@0.1.0 build
> tsc -b && vite build

src/app/App.tsx(51,20): error TS2339: Property 'env' does not exist on type 'ImportMeta'.
scripts/validate-content.ts(2,1): error TS2584: Cannot find name 'console'. Do you need to change your target library? Try changing the 'lib' compiler option to include 'dom'.
vite.config.ts(5,13): error TS2769: No overload matches this call.
  The last overload gave the following error.
    Type 'Plugin<any>[]' is not assignable to type 'PluginOption'.
      Type 'Plugin<any>[]' is not assignable to type 'PluginOption[]'.
        Type 'Plugin<any>' is not assignable to type 'PluginOption'.
          Type 'import("/home/runner/work/athanor-alquimia-interior/athanor-alquimia-interior/node_modules/vite/dist/node/index").Plugin<any>' is not assignable to type 'import("/home/runner/work/athanor-alquimia-interior/athanor-alquimia-interior/node_modules/vitest/node_modules/vite/dist/node/index").Plugin<any>'.
            Types of property 'apply' are incompatible.
              Type '"serve" | "build" | ((this: void, config: import("/home/runner/work/athanor-alquimia-interior/athanor-alquimia-interior/node_modules/vite/dist/node/index").UserConfig, env: import("/home/runner/work/athanor-alquimia-interior/athanor-alquimia-interior/node_modules/vite/dist/node/index").ConfigEnv) => boolean) | undef...' is not assignable to type '"serve" | "build" | ((this: void, config: import("/home/runner/work/athanor-alquimia-interior/athanor-alquimia-interior/node_modules/vitest/node_modules/vite/dist/node/index").UserConfig, env: import("/home/runner/work/athanor-alquimia-interior/athanor-alquimia-interior/node_modules/vitest/node_modules/vite/dist/nod...'.
                Type '(this: void, config: UserConfig, env: ConfigEnv) => boolean' is not assignable to type '"serve" | "build" | ((this: void, config: UserConfig, env: ConfigEnv) => boolean) | undefined'.
                  Type '(this: void, config: import("/home/runner/work/athanor-alquimia-interior/athanor-alquimia-interior/node_modules/vite/dist/node/index").UserConfig, env: import("/home/runner/work/athanor-alquimia-interior/athanor-alquimia-interior/node_modules/vite/dist/node/index").ConfigEnv) => boolean' is not assignable to type '(this: void, config: import("/home/runner/work/athanor-alquimia-interior/athanor-alquimia-interior/node_modules/vitest/node_modules/vite/dist/node/index").UserConfig, env: import("/home/runner/work/athanor-alquimia-interior/athanor-alquimia-interior/node_modules/vitest/node_modules/vite/dist/node/index").ConfigEnv) ...'.
                    Types of parameters 'config' and 'config' are incompatible.
                      Type 'import("/home/runner/work/athanor-alquimia-interior/athanor-alquimia-interior/node_modules/vitest/node_modules/vite/dist/node/index").UserConfig' is not assignable to type 'import("/home/runner/work/athanor-alquimia-interior/athanor-alquimia-interior/node_modules/vite/dist/node/index").UserConfig'.
                        Types of property 'plugins' are incompatible.
                          Type 'import("/home/runner/work/athanor-alquimia-interior/athanor-alquimia-interior/node_modules/vitest/node_modules/vite/dist/node/index").PluginOption[] | undefined' is not assignable to type 'import("/home/runner/work/athanor-alquimia-interior/athanor-alquimia-interior/node_modules/vite/dist/node/index").PluginOption[] | undefined'.
                            Type 'import("/home/runner/work/athanor-alquimia-interior/athanor-alquimia-interior/node_modules/vitest/node_modules/vite/dist/node/index").PluginOption[]' is not assignable to type 'import("/home/runner/work/athanor-alquimia-interior/athanor-alquimia-interior/node_modules/vite/dist/node/index").PluginOption[]'.
                              Type 'import("/home/runner/work/athanor-alquimia-interior/athanor-alquimia-interior/node_modules/vitest/node_modules/vite/dist/node/index").PluginOption' is not assignable to type 'import("/home/runner/work/athanor-alquimia-interior/athanor-alquimia-interior/node_modules/vite/dist/node/index").PluginOption'.
                                Type 'Plugin<any>' is not assignable to type 'PluginOption'.
                                  Type 'import("/home/runner/work/athanor-alquimia-interior/athanor-alquimia-interior/node_modules/vitest/node_modules/vite/dist/node/index").Plugin<any>' is not assignable to type 'import("/home/runner/work/athanor-alquimia-interior/athanor-alquimia-interior/node_modules/vite/dist/node/index").Plugin<any>'.
                                    Types of property 'apply' are incompatible.
                                      Type '"serve" | "build" | ((this: void, config: import("/home/runner/work/athanor-alquimia-interior/athanor-alquimia-interior/node_modules/vitest/node_modules/vite/dist/node/index").UserConfig, env: import("/home/runner/work/athanor-alquimia-interior/athanor-alquimia-interior/node_modules/vitest/node_modules/vite/dist/nod...' is not assignable to type '"serve" | "build" | ((this: void, config: import("/home/runner/work/athanor-alquimia-interior/athanor-alquimia-interior/node_modules/vite/dist/node/index").UserConfig, env: import("/home/runner/work/athanor-alquimia-interior/athanor-alquimia-interior/node_modules/vite/dist/node/index").ConfigEnv) => boolean) | undef...'.
                                        Type '(this: void, config: UserConfig, env: ConfigEnv) => boolean' is not assignable to type '"serve" | "build" | ((this: void, config: UserConfig, env: ConfigEnv) => boolean) | undefined'.
                                          Type '(this: void, config: import("/home/runner/work/athanor-alquimia-interior/athanor-alquimia-interior/node_modules/vitest/node_modules/vite/dist/node/index").UserConfig, env: import("/home/runner/work/athanor-alquimia-interior/athanor-alquimia-interior/node_modules/vitest/node_modules/vite/dist/node/index").ConfigEnv) ...' is not assignable to type '(this: void, config: import("/home/runner/work/athanor-alquimia-interior/athanor-alquimia-interior/node_modules/vite/dist/node/index").UserConfig, env: import("/home/runner/work/athanor-alquimia-interior/athanor-alquimia-interior/node_modules/vite/dist/node/index").ConfigEnv) => boolean'.
                                            Types of parameters 'config' and 'config' are incompatible.
                                              Type 'import("/home/runner/work/athanor-alquimia-interior/athanor-alquimia-interior/node_modules/vite/dist/node/index").UserConfig' is not assignable to type 'import("/home/runner/work/athanor-alquimia-interior/athanor-alquimia-interior/node_modules/vitest/node_modules/vite/dist/node/index").UserConfig'.
                                                Types of property 'plugins' are incompatible.
                                                  Type 'import("/home/runner/work/athanor-alquimia-interior/athanor-alquimia-interior/node_modules/vite/dist/node/index").PluginOption[] | undefined' is not assignable to type 'import("/home/runner/work/athanor-alquimia-interior/athanor-alquimia-interior/node_modules/vitest/node_modules/vite/dist/node/index").PluginOption[] | undefined'.
                                                    Type 'import("/home/runner/work/athanor-alquimia-interior/athanor-alquimia-interior/node_modules/vite/dist/node/index").PluginOption[]' is not assignable to type 'import("/home/runner/work/athanor-alquimia-interior/athanor-alquimia-interior/node_modules/vitest/node_modules/vite/dist/node/index").PluginOption[]'.
                                                      Type 'import("/home/runner/work/athanor-alquimia-interior/athanor-alquimia-interior/node_modules/vite/dist/node/index").PluginOption' is not assignable to type 'import("/home/runner/work/athanor-alquimia-interior/athanor-alquimia-interior/node_modules/vitest/node_modules/vite/dist/node/index").PluginOption'.
                                                        Type 'Promise<Plugin<any> | FalsyPlugin | PluginOption[]>' is not assignable to type 'PluginOption'.
                                                          Type 'Promise<Plugin<any> | FalsyPlugin | PluginOption[]>' is not assignable to type 'Promise<false | Plugin<any> | PluginOption[] | null | undefined>'.
                                                            Type 'Plugin<any> | FalsyPlugin | PluginOption[]' is not assignable to type 'false | Plugin<any> | PluginOption[] | null | undefined'.
                                                              Type 'Plugin<any>' is not assignable to type 'false | Plugin<any> | PluginOption[] | null | undefined'.
